# Convergence detector — 21 message sizes
# Target variance: 1%   Start count: 10   Max count: 10000000
# Columns: size count   throughput_Mbps variance_pct
1       20      0.68    68.3987
1       40      1.09    60.4034
1       80      2.36    117.4100
1       160     2.51    6.1711
1       320     4.22    68.3030
1       640     4.43    5.0927
1       1280    8.48    91.3471
1       2560    8.85    4.3997
1       5120    9.37    5.8244
1       10240   11.46   22.3308
1       20480   11.84   3.3217
1       40960   12.02   1.5375
1       81920   12.96   7.7671
1       163840  12.79   1.3278
1       327680  12.99   1.5877
1       655360  13.12   1.0262
1       1310720 13.02   0.8008
2       20      1.86    122.7134
2       40      3.13    67.5949
2       80      4.71    50.7065
2       160     5.82    23.5751
2       320     10.80   85.5234
2       640     15.21   40.9032
2       1280    20.36   33.8145
2       2560    18.31   10.0693
2       5120    21.05   14.9608
2       10240   25.77   22.4474
2       20480   24.80   3.7821
2       40960   25.86   4.2618
2       81920   25.94   0.3183
4       20      2.76    74.5534
4       40      7.22    161.6214
4       80      11.84   63.9180
4       160     11.45   3.2497
4       320     20.44   78.4821
4       640     27.61   35.0744
4       1280    31.10   12.6466
4       2560    35.59   14.4288
4       5120    41.14   15.6009
4       10240   46.20   12.2932
4       20480   49.12   6.3133
4       40960   49.64   1.0552
4       81920   50.57   1.8821
4       163840  51.13   1.1109
4       327680  52.18   2.0486
4       655360  51.75   0.8285
8       20      3.63    22.5499
8       40      7.25    99.9796
8       80      17.45   140.6455
8       160     19.53   11.8891
8       320     32.26   65.1966
8       640     50.22   55.6986
8       1280    64.34   28.1215
8       2560    72.40   12.5280
8       5120    86.83   19.9296
8       10240   93.55   7.7378
8       20480   100.51  7.4325
8       40960   105.98  5.4440
8       81920   100.51  5.1578
8       163840  101.30  0.7872
16      20      7.79    6.9246
16      40      15.51   99.2685
16      80      27.98   80.3469
16      160     40.41   44.4309
16      320     78.26   93.6539
16      640     92.37   18.0239
16      1280    111.64  20.8710
16      2560    153.43  37.4282
16      5120    167.50  9.1685
16      10240   186.14  11.1284
16      20480   197.30  5.9944
16      40960   208.67  5.7664
16      81920   214.07  2.5866
16      163840  216.98  1.3611
16      327680  217.06  0.0373
32      20      13.87   25.0426
32      40      32.23   132.3357
32      80      63.40   96.7335
32      160     92.47   45.8540
32      320     122.30  32.2598
32      640     168.07  37.4229
32      1280    235.71  40.2467
32      2560    272.74  15.7123
32      5120    343.24  25.8459
32      10240   418.56  21.9449
32      20480   417.09  0.3516
64      20      26.49   104.4857
64      40      58.07   119.2237
64      80      107.12  84.4599
64      160     158.12  47.6102
64      320     257.79  63.0390
64      640     340.35  32.0248
64      1280    447.50  31.4818
64      2560    506.02  13.0759
64      5120    588.65  16.3305
64      10240   786.33  33.5817
64      20480   829.29  5.4637
64      40960   863.79  4.1602
64      81920   868.82  0.5819
128     20      56.91   61.5569
128     40      81.04   42.3981
128     80      176.17  117.3855
128     160     283.17  60.7354
128     320     398.48  40.7224
128     640     539.58  35.4094
128     1280    711.04  31.7775
128     2560    820.43  15.3854
128     5120    871.41  6.2133
128     10240   910.46  4.4815
128     20480   923.30  1.4095
128     40960   933.64  1.1206
128     81920   933.38  0.0278
256     20      74.48   78.6602
256     40      136.57  83.3731
256     80      252.34  84.7735
256     160     360.13  42.7131
256     320     508.82  41.2890
256     640     679.03  33.4520
256     1280    811.28  19.4764
256     2560    859.36  5.9268
256     5120    903.25  5.1075
256     10240   918.12  1.6456
256     20480   929.64  1.2547
256     40960   936.47  0.7352
512     20      107.39  100.1612
512     40      208.91  94.5337
512     80      295.74  41.5638
512     160     437.91  48.0719
512     320     599.79  36.9654
512     640     737.84  23.0168
512     1280    826.71  12.0453
512     2560    879.65  6.4036
512     5120    910.55  3.5123
512     10240   926.20  1.7190
512     20480   933.62  0.8006
1024    20      133.30  88.4471
1024    40      229.58  72.2236
1024    80      369.73  61.0474
1024    160     508.83  37.6213
1024    320     656.69  29.0585
1024    640     783.87  19.3674
1024    1280    852.66  8.7756
1024    2560    896.81  5.1771
1024    5120    916.65  2.2131
1024    10240   929.89  1.4443
1024    20480   935.24  0.5752
2048    20      143.63  81.4258
2048    40      245.30  70.7828
2048    80      375.71  53.1625
2048    160     545.55  45.2052
2048    320     699.38  28.1986
2048    640     801.06  14.5377
2048    1280    866.37  8.1539
2048    2560    902.41  4.1600
2048    5120    921.31  2.0940
2048    10240   931.47  1.1033
2048    20480   936.31  0.5195
4096    20      146.54  76.0106
4096    40      254.27  73.5145
4096    80      402.17  58.1677
4096    160     567.85  41.1966
4096    320     707.15  24.5312
4096    640     808.88  14.3859
4096    1280    869.62  7.5086
4096    2560    904.63  4.0254
4096    5120    922.57  1.9841
4096    10240   931.97  1.0182
4096    20480   936.57  0.4939
8192    20      267.13  75.6124
8192    40      417.01  56.1048
8192    80      569.34  36.5284
8192    160     712.56  25.1561
8192    320     800.29  12.3117
8192    640     873.39  9.1340
8192    1280    915.77  4.8532
8192    2560    921.92  0.6714
16384   20      388.70  39.5424
16384   40      545.79  40.4123
16384   80      691.02  26.6098
16384   160     798.54  15.5594
16384   320     863.57  8.1431
16384   640     907.11  5.0423
16384   1280    923.70  1.8292
16384   2560    931.34  0.8264
32768   20      622.22  37.4818
32768   40      750.41  20.6013
32768   80      803.13  7.0256
32768   160     885.30  10.2312
32768   320     911.15  2.9202
32768   640     921.89  1.1787
32768   1280    933.71  1.2825
32768   2560    937.65  0.4214
65536   20      773.08  19.0815
65536   40      822.42  6.3834
65536   80      878.80  6.8547
65536   160     916.05  4.2393
65536   320     928.73  1.3841
65536   640     931.67  0.3167
131072  20      847.71  14.7406
131072  40      880.37  3.8531
131072  80      904.87  2.7820
131072  160     923.86  2.0995
131072  320     932.04  0.8845
262144  20      870.84  5.0542
262144  40      902.96  3.6890
262144  80      924.28  2.3613
262144  160     932.23  0.8598
524288  20      905.39  4.0039
524288  40      922.51  1.8907
524288  80      931.91  1.0199
524288  160     936.84  0.5285
1048576 20      921.27  2.2063
1048576 40      934.80  1.4687
1048576 80      936.12  0.1412