# Warmup-probe — per-size minimum warmup count
# Target variance: 1%   Start: 2   Max: 32768
# Columns: size warmup_count    throughput_Mbps variance_pct
1       4       13.30   2.5263
1       8       12.44   6.4206
1       16      12.93   3.9019
1       32      14.59   12.8883
1       64      13.40   8.1914
1       128     13.01   2.9128
1       256     13.43   3.2595
1       512     12.71   5.3987
1       1024    13.09   3.0226
1       2048    13.53   3.3628
1       4096    12.82   5.2693
1       8192    12.75   0.5473
2       4       24.06   8.6857
2       8       26.24   9.0723
2       16      25.33   3.4501
2       32      25.68   1.3475
2       64      28.33   10.3412
2       128     26.69   5.8017
2       256     24.90   6.7074
2       512     27.23   9.3681
2       1024    26.50   2.6715
2       2048    26.04   1.7281
2       4096    23.99   7.8782
2       8192    26.22   9.3005
2       16384   25.49   2.8026
2       32768   27.49   7.8460
2       65536   (not converged — reached max warmup)
4       4       52.71   6.7912
4       8       50.37   4.4460
4       16      52.42   4.0784
4       32      51.69   1.4032
4       64      50.97   1.3864
4       128     51.85   1.7217
4       256     50.19   3.1871
4       512     47.50   5.3628
4       1024    50.39   6.0719
4       2048    51.01   1.2298
4       4096    58.05   13.8120
4       8192    53.41   7.9886
4       16384   50.66   5.1520
4       32768   52.48   3.5863
4       65536   (not converged — reached max warmup)
8       4       101.03  2.1476
8       8       111.89  10.7506
8       16      105.26  5.9242
8       32      102.89  2.2506
8       64      99.15   3.6409
8       128     103.03  3.9192
8       256     107.08  3.9276
8       512     99.89   6.7112
8       1024    103.36  3.4662
8       2048    97.24   5.9131
8       4096    104.96  7.9358
8       8192    108.67  3.5338
8       16384   109.14  0.4361
16      4       215.05  1.6345
16      8       214.70  0.1596
32      4       409.59  0.7211
64      4       883.75  0.6461
128     4       934.44  0.0546
256     4       936.12  0.1338
512     4       936.85  0.0422
1024    4       938.48  0.0041
2048    4       939.63  0.0501
4096    4       940.59  0.0251
8192    4       937.27  0.1764
16384   4       939.13  0.0504
32768   4       939.66  0.0620
65536   4       933.24  0.4493
131072  4       932.31  0.2733
262144  4       933.79  0.0602
524288  4       936.91  0.0747
1048576 4       937.02  0.0091

# Done. Copy the warmup_count column into WARMUP_MSGS[].