# Warmup-probe (single connection for all sizes)
# Target variance: 1%   Start: 2   Max: 32768
# Columns: size warmup_count    throughput_Mbps variance_pct
1       4       13.41   2.9510
1       8       13.61   1.4514
1       16      13.71   0.7402
2       4       27.10   0.7948
4       4       53.52   0.0062
8       4       112.89  3.5842
8       8       111.38  1.3410
8       16      108.91  2.2168
8       32      109.85  0.8586
16      4       226.25  0.1631
32      4       427.19  0.5738
64      4       911.13  0.4367
128     4       937.02  0.0524
256     4       938.32  0.0403
512     4       938.23  0.0235
1024    4       939.89  0.0515
2048    4       940.12  0.0198
4096    4       940.44  0.0227
8192    4       937.60  0.1018
16384   4       938.99  0.0667
32768   4       939.25  0.0740
65536   4       934.63  0.3196
131072  4       933.96  0.0807
262144  4       931.31  0.2843
524288  4       937.49  0.1418
1048576 4       935.79  0.1762

# Done. Copy the warmup_count column into WARMUP_MSGS[].